Removed Pin From Net: NetName=+5 Pin=C3-1
Removed Pin From Net: NetName=+5 Pin=C4-1
Removed Pin From Net: NetName=+5 Pin=C6-1
Removed Pin From Net: NetName=+5 Pin=D2-2
Removed Pin From Net: NetName=+5 Pin=DS2-1
Removed Pin From Net: NetName=+5 Pin=DS3-2
Removed Pin From Net: NetName=+5 Pin=J2-2
Removed Pin From Net: NetName=+5 Pin=K1-5
Removed Pin From Net: NetName=+5 Pin=R2-3
Removed Pin From Net: NetName=+5 Pin=R5-1
Removed Pin From Net: NetName=+5 Pin=R5-2
Removed Pin From Net: NetName=+5 Pin=R6-1
Removed Pin From Net: NetName=+5 Pin=R6-2
Removed Pin From Net: NetName=+5 Pin=U1-3
Removed Pin From Net: NetName=+5 Pin=U3-4
Removed Pin From Net: NetName=+5 Pin=U3-8
Change Net Name : Old Net Name=+5 New Net Name=GND
Added Pin To Net: NetName=+5 Pin=C3-1
Added Pin To Net: NetName=+5 Pin=C4-1
Added Pin To Net: NetName=+5 Pin=C6-1
Added Pin To Net: NetName=+5 Pin=D2-2
Added Pin To Net: NetName=+5 Pin=DS2-1
Added Pin To Net: NetName=+5 Pin=DS3-2
Added Pin To Net: NetName=+5 Pin=J2-2
Added Pin To Net: NetName=+5 Pin=K1-5
Added Pin To Net: NetName=+5 Pin=R2-3
Added Pin To Net: NetName=+5 Pin=R5-1
Added Pin To Net: NetName=+5 Pin=R5-2
Added Pin To Net: NetName=+5 Pin=R6-1
Added Pin To Net: NetName=+5 Pin=R6-2
Added Pin To Net: NetName=+5 Pin=U1-3
Added Pin To Net: NetName=+5 Pin=U3-4
Added Pin To Net: NetName=+5 Pin=U3-8
Added Net: Name=+5
Added Rule: Name=Schematic Supply Nets_1
